// Vitest Snapshot v1, https://vitest.dev/guide/snapshot.html

exports[`InvestorPlanCarousel test - > renders correctly 1`] = `
<div
  data-testid="investor-carousel-mock"
>
  InvestorPlanCarouselMock
</div>
`;
