// Vitest Snapshot v1, https://vitest.dev/guide/snapshot.html

exports[`Unauthorized test - > renders correctly 1`] = `
<div
  class="MuiGrid-root MuiGrid-container MuiGrid-direction-xs-row MuiGrid-spacing-xs-2 makeStyles-panelContainer-1 css-zjhuaj-MuiGrid-root"
>
  <div
    class="MuiGrid-root MuiGrid-direction-xs-row css-17fpwt7-MuiGrid-root"
  >
    <h2
      class="MuiTypography-root MuiTypography-h2 css-o2za6n-MuiTypography-root"
    >
      Unauthorized
    </h2>
  </div>
  <div
    class="MuiGrid-root MuiGrid-container MuiGrid-direction-xs-row css-j0o5il-MuiGrid-root"
  >
    <p
      class="MuiTypography-root MuiTypography-body1 css-rizt0-MuiTypography-root"
    >
      You must be logged in as admin to view this page.
    </p>
  </div>
</div>
`;
