// Vitest Snapshot v1, https://vitest.dev/guide/snapshot.html

exports[`NotificationLists test - > renders correctly 1`] = `
<div
  class="MuiGrid-root MuiGrid-container MuiGrid-direction-xs-column makeStyles-rootNoNotification-3 makeStyles-rootNoNotification-9 css-1bkjq21-MuiGrid-root"
  justify="center"
>
  <div
    class="MuiGrid-root MuiGrid-direction-xs-row css-17fpwt7-MuiGrid-root"
  >
    <img
      alt=""
      src="/assets/ZeroNotificationsBG.png"
    />
  </div>
  <div
    class="MuiGrid-root MuiGrid-direction-xs-row css-17fpwt7-MuiGrid-root"
  >
    <span
      class="MuiTypography-root MuiTypography-body2 css-7ctihp-MuiTypography-root"
    >
      Relax, you don't have any alerts right now.
    </span>
  </div>
</div>
`;
