// Vitest Snapshot v1, https://vitest.dev/guide/snapshot.html

exports[`SubmitPostForm test - > renders correctly 1`] = `
<form>
  <div
    class="MuiPaper-root MuiPaper-elevation MuiPaper-rounded MuiPaper-elevation1 MuiCard-root makeStyles-root-1  css-6fm6rz-MuiPaper-root-MuiCard-root"
  >
    <div
      class="MuiCardHeader-root css-149tc0y-MuiCardHeader-root"
      style="padding: 20px; margin: 0px;"
    >
      <div
        class="MuiCardHeader-content css-1jkp9bu-MuiCardHeader-content"
      >
        <p
          class="MuiTypography-root MuiTypography-body2 makeStyles-title-3 css-1nmqws6-MuiTypography-root"
        >
          Create Quote
        </p>
      </div>
      <div
        class="MuiCardHeader-action css-116l9hl-MuiCardHeader-action"
      >
        <button
          class="MuiButtonBase-root MuiIconButton-root MuiIconButton-sizeMedium makeStyles-exit-4 css-1rjloaz-MuiButtonBase-root-MuiIconButton-root"
          tabindex="0"
          type="button"
        >
          x
        </button>
      </div>
    </div>
    <div
      class="makeStyles-cardBody-11 MuiBox-root css-0"
    >
      <div
        class="MuiInputBase-root MuiInputBase-colorPrimary MuiInputBase-fullWidth makeStyles-input-6 css-glc157-MuiInputBase-root"
        required=""
      >
        <input
          class="MuiInputBase-input css-1jrstcx-MuiInputBase-input"
          id="title"
          name="title"
          placeholder="Enter Title"
          required=""
          type="text"
          value=""
        />
      </div>
      <hr
        class="MuiDivider-root MuiDivider-fullWidth css-18cfrml-MuiDivider-root"
      />
      <div
        class="makeStyles-scrollableContent-12"
      >
        <div
          class="MuiInputBase-root MuiInputBase-colorPrimary MuiInputBase-fullWidth MuiInputBase-multiline makeStyles-input-6 css-vy5wau-MuiInputBase-root"
          required=""
        >
          <textarea
            class="MuiInputBase-input MuiInputBase-inputMultiline css-1noj9jj-MuiInputBase-input"
            id="text"
            name="text"
            placeholder="Enter text or URL here"
            required=""
            style="height: 0px; overflow: hidden;"
          />
          <textarea
            aria-hidden="true"
            class="MuiInputBase-input MuiInputBase-inputMultiline css-1noj9jj-MuiInputBase-input"
            readonly=""
            style="visibility: hidden; position: absolute; overflow: hidden; height: 0px; top: 0px; left: 0px; transform: translateZ(0); padding-top: 0px; padding-bottom: 0px; width: 100%;"
            tabindex="-1"
          />
        </div>
      </div>
    </div>
    <div
      class="MuiCardActions-root MuiCardActions-spacing makeStyles-cardActions-13 css-xm0xqa-MuiCardActions-root"
    >
      <div
        class="MuiGrid-root MuiGrid-container MuiGrid-direction-xs-row css-wjsns7-MuiGrid-root"
        justify="flex-start"
        style="width: 100%;"
      >
        <p
          class="MuiTypography-root MuiTypography-body1 css-1edfpdg-MuiTypography-root"
          style="margin-right: 10px; margin-bottom: 0px; font-weight: 500;"
        >
          Who can see your post
        </p>
        <div
          class="MuiAutocomplete-root MuiAutocomplete-hasClearIcon makeStyles-groupInput-8 css-1y8r37a-MuiAutocomplete-root"
          name="group"
          variant="outlined"
        >
          <div
            class="MuiFormControl-root MuiFormControl-fullWidth MuiTextField-root css-y4n9bg-MuiFormControl-root-MuiTextField-root"
          >
            <label
              class="MuiFormLabel-root MuiInputLabel-root MuiInputLabel-formControl MuiInputLabel-animated MuiInputLabel-sizeSmall MuiInputLabel-outlined MuiFormLabel-colorPrimary MuiInputLabel-root MuiInputLabel-formControl MuiInputLabel-animated MuiInputLabel-sizeSmall MuiInputLabel-outlined css-r6k1tk-MuiFormLabel-root-MuiInputLabel-root"
              data-shrink="false"
              for="group-selector"
              id="group-selector-label"
            >
              Select or create a group
            </label>
            <div
              class="MuiInputBase-root MuiOutlinedInput-root MuiInputBase-colorPrimary MuiInputBase-fullWidth MuiInputBase-formControl MuiInputBase-sizeSmall MuiInputBase-adornedEnd MuiAutocomplete-inputRoot css-170fgaz-MuiInputBase-root-MuiOutlinedInput-root"
            >
              <input
                aria-autocomplete="list"
                aria-expanded="false"
                aria-invalid="false"
                autocapitalize="none"
                autocomplete="off"
                class="MuiInputBase-input MuiOutlinedInput-input MuiInputBase-inputSizeSmall MuiInputBase-inputAdornedEnd MuiAutocomplete-input MuiAutocomplete-inputFocused css-1df20ln-MuiInputBase-input-MuiOutlinedInput-input"
                id="group-selector"
                name="group"
                placeholder="Type to search or create new group"
                role="combobox"
                spellcheck="false"
                type="text"
                value=""
              />
              <div
                class="MuiAutocomplete-endAdornment css-1uhhrmm-MuiAutocomplete-endAdornment"
              >
                <button
                  aria-label="Clear"
                  class="MuiButtonBase-root MuiIconButton-root MuiIconButton-sizeMedium MuiAutocomplete-clearIndicator css-14fafvo-MuiButtonBase-root-MuiIconButton-root-MuiAutocomplete-clearIndicator"
                  tabindex="-1"
                  title="Clear"
                  type="button"
                >
                  <svg
                    aria-hidden="true"
                    class="MuiSvgIcon-root MuiSvgIcon-fontSizeSmall css-18w7uxr-MuiSvgIcon-root"
                    data-testid="CloseIcon"
                    focusable="false"
                    viewBox="0 0 24 24"
                  >
                    <path
                      d="M19 6.41L17.59 5 12 10.59 6.41 5 5 6.41 10.59 12 5 17.59 6.41 19 12 13.41 17.59 19 19 17.59 13.41 12z"
                    />
                  </svg>
                </button>
              </div>
              <fieldset
                aria-hidden="true"
                class="MuiOutlinedInput-notchedOutline css-1ddm75b-MuiNotchedOutlined-root-MuiOutlinedInput-notchedOutline"
              >
                <legend
                  class="css-1cs9q92-MuiNotchedOutlined-root"
                >
                  <span>
                    Select or create a group
                  </span>
                </legend>
              </fieldset>
            </div>
          </div>
        </div>
      </div>
      <div
        class="MuiGrid-root MuiGrid-container MuiGrid-direction-xs-row css-ns8q2x-MuiGrid-root"
        justify="flex-end"
        style="margin-top: 20px;"
      >
        <button
          class="MuiButtonBase-root MuiButton-root MuiButton-contained MuiButton-containedPrimary MuiButton-sizeMedium MuiButton-containedSizeMedium MuiButton-colorPrimary MuiButton-root MuiButton-contained MuiButton-containedPrimary MuiButton-sizeMedium MuiButton-containedSizeMedium MuiButton-colorPrimary makeStyles-button-16 undefined makeStyles-fullWidth-17 makeStyles-button-10 css-g1oxnb-MuiButtonBase-root-MuiButton-root"
          id="submit-button"
          tabindex="0"
          type="submit"
        >
          POST
        </button>
      </div>
    </div>
  </div>
</form>
`;
