// Vitest Snapshot v1, https://vitest.dev/guide/snapshot.html

exports[`PersonalPlanCarousel test - > renders correctly 1`] = `
<div
  data-testid="personal-carousel-mock"
>
  PersonalPlanCarouselMock
</div>
`;
